// Jest Snapshot v1, https://goo.gl/fbAQLP

exports[`<Main /> renders correctly 1`] = `
.c1 {
  animation: cfuXhc 20s linear infinite;
  max-width: 100%;
  user-select: none;
}

.c0 {
  display: flex;
  justify-content: center;
  align-items: center;
  height: 100vh;
}

<div
  className="c0"
>
  <svg
    className="c1"
  />
</div>
`;
