// Jest Snapshot v1, https://goo.gl/fbAQLP

exports[`<DropdownTokenList /> renders correctly and matches snapshot 1`] = `
<div
  className="flex flex-col gap-1 group"
  onMouseEnter={[Function]}
  onMouseLeave={[Function]}
>
  <p
    className="text-xs font-normal text-black_grey false font-normal"
  >
    ETH
  </p>
  <input
    className="text-black_grey font-normal !text-3xl outline-none focus:outline-none focus:ring-0 focus:bg-[#292D32]/[.05] focus:border-b focus:border-b-black_grey group-hover:bg-[#292D32]/[.05] group-hover:border-b group-hover:border-b-black_grey"
    data-testid="enter-amount-input"
    onBlur={[Function]}
    onChange={[Function]}
    onFocus={[Function]}
    style={
      {
        "width": "100%",
      }
    }
    type="number"
    value={0}
  />
  <div
    className="flex justify-between"
  >
    <p
      className="text-xs font-normal text-black_grey false"
    >
      $
    </p>
    <img
      alt="Send"
      src="send-arrow.png"
    />
  </div>
</div>
`;
