// Jest Snapshot v1, https://goo.gl/fbAQLP

exports[`<PrimaryTitle /> renders correctly 1`] = `
.c0 {
  font-size: 30px;
}

<h1
  className="c0"
>
  Some regular text.
</h1>
`;
