// Jest Snapshot v1, https://goo.gl/fbAQLP

exports[`<App /> renders correctly 1`] = `
.c0 {
  margin-top: calc(50% - 150px);
  display: flex;
  justify-content: center;
}

.c1 {
  font-size: 50px;
  font-weight: 700;
  width: 150px;
  height: 150px;
  line-height: 140px;
  border-radius: 50%;
  background: #fff;
  color: #997cfa;
  text-align: center;
  animation: fEdePq 5s ease-in-out infinite;
}

.c1:before {
  content: 'Px';
}

<div
  className="c0"
>
  <div
    className="c1"
  />
</div>
`;
